Copyright 1986-2021 Xilinx, Inc. All Rights Reserved.
------------------------------------------------------------------------------------
| Tool Version : Vivado v.2021.2 (win64) Build 3367213 Tue Oct 19 02:48:09 MDT 2021
| Date         : Sun Apr 17 10:48:05 2022
| Host         : DESKTOP-7Q8KQ0A running 64-bit major release  (build 9200)
| Command      : report_control_sets -verbose -file v1_control_sets_placed.rpt
| Design       : v1
| Device       : xc7a35t
------------------------------------------------------------------------------------

Control Set Information

Table of Contents
-----------------
1. Summary
2. Histogram
3. Flip-Flop Distribution
4. Detailed Control Set Information

1. Summary
----------

+----------------------------------------------------------+-------+
|                          Status                          | Count |
+----------------------------------------------------------+-------+
| Total control sets                                       |     8 |
|    Minimum number of control sets                        |     8 |
|    Addition due to synthesis replication                 |     0 |
|    Addition due to physical synthesis replication        |     0 |
| Unused register locations in slices containing registers |    36 |
+----------------------------------------------------------+-------+
* Control sets can be merged at opt_design using control_set_merge or merge_equivalent_drivers
** Run report_qor_suggestions for automated merging and remapping suggestions


2. Histogram
------------

+--------------------+-------+
|       Fanout       | Count |
+--------------------+-------+
| Total control sets |     8 |
| >= 0 to < 4        |     1 |
| >= 4 to < 6        |     3 |
| >= 6 to < 8        |     0 |
| >= 8 to < 10       |     0 |
| >= 10 to < 12      |     2 |
| >= 12 to < 14      |     0 |
| >= 14 to < 16      |     0 |
| >= 16              |     2 |
+--------------------+-------+
* Control sets can be remapped at either synth_design or opt_design


3. Flip-Flop Distribution
-------------------------

+--------------+-----------------------+------------------------+-----------------+--------------+
| Clock Enable | Synchronous Set/Reset | Asynchronous Set/Reset | Total Registers | Total Slices |
+--------------+-----------------------+------------------------+-----------------+--------------+
| No           | No                    | No                     |              18 |            8 |
| No           | No                    | Yes                    |               0 |            0 |
| No           | Yes                   | No                     |              55 |           15 |
| Yes          | No                    | No                     |              19 |            6 |
| Yes          | No                    | Yes                    |               0 |            0 |
| Yes          | Yes                   | No                     |               0 |            0 |
+--------------+-----------------------+------------------------+-----------------+--------------+


4. Detailed Control Set Information
-----------------------------------

+------------------+-------------------------------------------+-----------------------+------------------+----------------+--------------+
|   Clock Signal   |               Enable Signal               |    Set/Reset Signal   | Slice Load Count | Bel Load Count | Bels / Slice |
+------------------+-------------------------------------------+-----------------------+------------------+----------------+--------------+
|  clk_IBUF_BUFG   |                                           |                       |                3 |              3 |         1.00 |
|  clock/clk_4Hz   | u_mytank_control/y_rel_pos_out[3]_i_1_n_0 |                       |                1 |              4 |         4.00 |
|  clock/clk_8Hz   |                                           |                       |                2 |              4 |         2.00 |
|  clock/clk_8Hz   | u_myshell/y_shell_pos_out[4]_i_1_n_0      |                       |                2 |              5 |         2.50 |
|  A/inst/clk_out1 | u_driver_VGA/vcnt                         |                       |                3 |             10 |         3.33 |
|  A/inst/clk_out1 |                                           |                       |                3 |             11 |         3.67 |
|  clk_IBUF_BUFG   |                                           | clock/clear           |                7 |             26 |         3.71 |
|  clk_IBUF_BUFG   |                                           | clock/clk_8Hz_i_1_n_0 |                8 |             29 |         3.62 |
+------------------+-------------------------------------------+-----------------------+------------------+----------------+--------------+


