Copyright 1986-2021 Xilinx, Inc. All Rights Reserved.
------------------------------------------------------------------------------------
| Tool Version : Vivado v.2021.2 (win64) Build 3367213 Tue Oct 19 02:48:09 MDT 2021
| Date         : Thu May 12 07:52:19 2022
| Host         : DESKTOP-7Q8KQ0A running 64-bit major release  (build 9200)
| Command      : report_control_sets -verbose -file v1_control_sets_placed.rpt
| Design       : v1
| Device       : xc7a35t
------------------------------------------------------------------------------------

Control Set Information

Table of Contents
-----------------
1. Summary
2. Histogram
3. Flip-Flop Distribution
4. Detailed Control Set Information

1. Summary
----------

+----------------------------------------------------------+-------+
|                          Status                          | Count |
+----------------------------------------------------------+-------+
| Total control sets                                       |    23 |
|    Minimum number of control sets                        |    23 |
|    Addition due to synthesis replication                 |     0 |
|    Addition due to physical synthesis replication        |     0 |
| Unused register locations in slices containing registers |    94 |
+----------------------------------------------------------+-------+
* Control sets can be merged at opt_design using control_set_merge or merge_equivalent_drivers
** Run report_qor_suggestions for automated merging and remapping suggestions


2. Histogram
------------

+--------------------+-------+
|       Fanout       | Count |
+--------------------+-------+
| Total control sets |    23 |
| >= 0 to < 4        |     4 |
| >= 4 to < 6        |     5 |
| >= 6 to < 8        |     4 |
| >= 8 to < 10       |     0 |
| >= 10 to < 12      |     1 |
| >= 12 to < 14      |     2 |
| >= 14 to < 16      |     0 |
| >= 16              |     7 |
+--------------------+-------+
* Control sets can be remapped at either synth_design or opt_design


3. Flip-Flop Distribution
-------------------------

+--------------+-----------------------+------------------------+-----------------+--------------+
| Clock Enable | Synchronous Set/Reset | Asynchronous Set/Reset | Total Registers | Total Slices |
+--------------+-----------------------+------------------------+-----------------+--------------+
| No           | No                    | No                     |              83 |           36 |
| No           | No                    | Yes                    |               0 |            0 |
| No           | Yes                   | No                     |              88 |           25 |
| Yes          | No                    | No                     |              75 |           35 |
| Yes          | No                    | Yes                    |               0 |            0 |
| Yes          | Yes                   | No                     |              12 |            6 |
+--------------+-----------------------+------------------------+-----------------+--------------+


4. Detailed Control Set Information
-----------------------------------

+------------------------------+-------------------------------------------+-----------------------+------------------+----------------+--------------+
|         Clock Signal         |               Enable Signal               |    Set/Reset Signal   | Slice Load Count | Bel Load Count | Bels / Slice |
+------------------------------+-------------------------------------------+-----------------------+------------------+----------------+--------------+
|  u_mytank_control/mytank_sht |                                           |                       |                2 |              2 |         1.00 |
|  clock/CLK                   |                                           |                       |                1 |              2 |         2.00 |
|  clock/clk_8Hz_reg_0         |                                           |                       |                1 |              2 |         2.00 |
|  clock/trigger               |                                           |                       |                1 |              2 |         2.00 |
|  clk_1khz_BUFG               |                                           | u1/clear              |                2 |              4 |         2.00 |
|  u1/show_data_reg[3]_i_2_n_0 |                                           |                       |                1 |              4 |         4.00 |
|  clk_1khz_BUFG               |                                           | u2/col_reg[3]_i_1_n_0 |                2 |              5 |         2.50 |
|  clock/CLK                   | u_mytank_control/y_rel_pos_out[4]_i_1_n_0 |                       |                1 |              5 |         5.00 |
|  clock/CLK                   | u_mytank_control/x_rel_pos_out[4]_i_1_n_0 |                       |                2 |              5 |         2.50 |
|  clk_1khz_BUFG               | u2/E[0]                                   |                       |                3 |              6 |         2.00 |
|  clk_IBUF_BUFG               |                                           |                       |                5 |              6 |         1.20 |
|  clock/clk_8Hz_reg_0         | u_myshell/x_shell_pos_out[5]_i_1_n_0      |                       |                3 |              6 |         2.00 |
|  clock/clk_8Hz_reg_0         | u_myshell/y_shell_pos_out[5]_i_1_n_0      |                       |                3 |              6 |         2.00 |
|  A/inst/clk_out1             | u_driver_VGA/vcnt                         |                       |                3 |             10 |         3.33 |
|  clock/trigger               | out                                       |                       |                4 |             12 |         3.00 |
|  A/inst/clk_out1             | u_driver_VGA/hcnt_reg[10]_0[0]            | u_driver_VGA/SS[0]    |                6 |             12 |         2.00 |
|  A/inst/clk_out1             |                                           |                       |                6 |             17 |         2.83 |
|  clock/clk_100hz             |                                           |                       |                7 |             18 |         2.57 |
|  clk_IBUF_BUFG               |                                           | clock/cnt[24]_i_1_n_0 |                6 |             24 |         4.00 |
|  A/inst/clk_out1             | u_driver_VGA/E[0]                         |                       |               16 |             25 |         1.56 |
|  clk_IBUF_BUFG               |                                           | clock/clear           |                7 |             26 |         3.71 |
|  clk_IBUF_BUFG               |                                           | clock/clk_8Hz_i_1_n_0 |                8 |             29 |         3.62 |
|  clk_1khz_BUFG               |                                           |                       |               12 |             30 |         2.50 |
+------------------------------+-------------------------------------------+-----------------------+------------------+----------------+--------------+


